
OpenSBI v1.5.1
   ____                    _____ ____ _____
  / __ \                  / ____|  _ \_   _|
 | |  | |_ __   ___ _ __ | (___ | |_) || |
 | |  | | '_ \ / _ \ '_ \ \___ \|  _ < | |
 | |__| | |_) |  __/ | | |____) | |_) || |_
  \____/| .__/ \___|_| |_|_____/|____/_____|
        | |
        |_|

Platform Name             : riscv-virtio,qemu
Platform Features         : medeleg
Platform HART Count       : 1
Platform IPI Device       : aclint-mswi
Platform Timer Device     : aclint-mtimer @ 10000000Hz
Platform Console Device   : uart8250
Platform HSM Device       : ---
Platform PMU Device       : ---
Platform Reboot Device    : syscon-reboot
Platform Shutdown Device  : syscon-poweroff
Platform Suspend Device   : ---
Platform CPPC Device      : ---
Firmware Base             : 0x80000000
Firmware Size             : 327 KB
Firmware RW Offset        : 0x40000
Firmware RW Size          : 71 KB
Firmware Heap Offset      : 0x49000
Firmware Heap Size        : 35 KB (total), 2 KB (reserved), 11 KB (used), 21 KB (free)
Firmware Scratch Size     : 4096 B (total), 416 B (used), 3680 B (free)
Runtime SBI Version       : 2.0

Domain0 Name              : root
Domain0 Boot HART         : 0
Domain0 HARTs             : 0*
Domain0 Region00          : 0x0000000000100000-0x0000000000100fff M: (I,R,W) S/U: (R,W)
Domain0 Region01          : 0x0000000010000000-0x0000000010000fff M: (I,R,W) S/U: (R,W)
Domain0 Region02          : 0x0000000002000000-0x000000000200ffff M: (I,R,W) S/U: ()
Domain0 Region03          : 0x0000000080040000-0x000000008005ffff M: (R,W) S/U: ()
Domain0 Region04          : 0x0000000080000000-0x000000008003ffff M: (R,X) S/U: ()
Domain0 Region05          : 0x000000000c400000-0x000000000c5fffff M: (I,R,W) S/U: (R,W)
Domain0 Region06          : 0x000000000c000000-0x000000000c3fffff M: (I,R,W) S/U: (R,W)
Domain0 Region07          : 0x0000000000000000-0xffffffffffffffff M: () S/U: (R,W,X)
Domain0 Next Address      : 0x0000000080200000
Domain0 Next Arg1         : 0x00000000bfe00000
Domain0 Next Mode         : S-mode
Domain0 SysReset          : yes
Domain0 SysSuspend        : yes

Boot HART ID              : 0
Boot HART Domain          : root
Boot HART Priv Version    : v1.12
Boot HART Base ISA        : rv64imafdch
Boot HART ISA Extensions  : sstc,zicntr,zihpm,zicboz,zicbom,sdtrig,svadu
Boot HART PMP Count       : 16
Boot HART PMP Granularity : 2 bits
Boot HART PMP Address Bits: 54
Boot HART MHPM Info       : 16 (0x0007fff8)
Boot HART Debug Triggers  : 2 triggers
Boot HART MIDELEG         : 0x0000000000001666
Boot HART MEDELEG         : 0x0000000000f0b509

       d8888                            .d88888b.   .d8888b.
      d88888                           d88P" "Y88b d88P  Y88b
     d88P888                           888     888 Y88b.
    d88P 888 888d888  .d8888b  .d88b.  888     888  "Y888b.
   d88P  888 888P"   d88P"    d8P  Y8b 888     888     "Y88b.
  d88P   888 888     888      88888888 888     888       "888
 d8888888888 888     Y88b.    Y8b.     Y88b. .d88P Y88b  d88P
d88P     888 888      "Y8888P  "Y8888   "Y88888P"   "Y8888P"

arch = riscv64
platform = riscv64-qemu-virt
target = riscv64gc-unknown-none-elf
build_mode = release
log_level = warn
backtrace = true
smp = 1

Boot at 2026-06-14 02:33:04.003932400 UTC

[37m[  0.809688 0 axnet_ng:139] [33m  No vsock device found![m
[m[37m[  0.810472 0 axdisplay:26] [33m  No display device found![m
[m[37m[  0.811747 0:2 starry_kernel::file::io_uring:586] [33mio_uring selftest: starting[m
[m[37m[  0.817678 0:2 starry_kernel::file::io_uring:626] [33mio_uring selftest: PASS (NOP round-trip, submitted=1)[m
[m@@@@@@@@@@ setup @@@@@@@@@@
mkdir: can't create directory '/': Invalid argument
basename test: bar.txt
[
[[
acpid
add-shell
addgroup
mkdir: can't create directory '/': Invalid argument
mkdir: can't create directory '/': Invalid argument
mkdir: can't create directory '/': Invalid argument
mkdir: can't create directory '/': Invalid argument
mkdir: can't create directory '/': Invalid argument
mkdir: can't create directory '/': Invalid argument
mkdir: can't create directory '/': Invalid argument
@@@@@@@@@@ setup done @@@@@@@@@@
===== [io_uring] running io_uring_nop =====
setup ok: fd=3 sq_entries=8 cq_entries=8
sq_off: head=0 tail=4 mask=8 entries=12 array=24
cq_off: head=0 tail=4 mask=8 entries=12 cqes=24
enter returned 1 submitted
CQE: user_data=0x1234 res=0 flags=0
PASS: io_uring NOP round-trip
===== [io_uring] io_uring_nop exit=0 =====
===== [io_uring] running io_uring_pipe =====
CQE: user_data=0xa1 res=4096
CQE: user_data=0xa2 res=4096
WRITE res=4096  READ res=4096  bytes_match=1
PASS: io_uring READ/WRITE pipe round-trip (4096 bytes)
===== [io_uring] io_uring_pipe exit=0 =====
===== [io_uring] running io_uring_poll =====
CQE: user_data=0xb1 res=0x1
PASS: io_uring POLL_ADD woke on POLLIN (res=0x1)
===== [io_uring] io_uring_poll exit=0 =====
===== [io_uring] running io_uring_file =====
PASS: io_uring READ /dev/zero (2048B, all zero)
===== [io_uring] io_uring_file exit=0 =====
===== [io_uring] running io_uring_bench =====

===== io_uring benchmark (pipe WRITE+READ, 200 rounds) =====
sync write+read:      32737 cyc /  400 ops =    81 cycles/op
io_uring inline:     346398 cyc /  400 ops =   865 cycles/op  (0.09x vs sync)
io_uring fixed:      348552 cyc /  400 ops =   871 cycles/op  (0.09x vs sync)
fixed vs inline:   0.99x

== Memory footprint (N concurrent outstanding ops) ==
  task stack = 256 KB,  iouring worker + rings = ~268 KB

  N               1            4           16           64
  sync:       256KB      1024KB      4096KB     16384KB
  iouring:      268KB       268KB       268KB       268KB

PASS: io_uring bench
===== [io_uring] io_uring_bench exit=0 =====
===== [io_uring] running io_uring_batch =====
=== Batch benchmark: 8 pipes × (WRITE+READ) = 16 ops ===
iouring (1 enter):      15638 cyc  (check=1)
sync (%d syscalls):      2540 cyc  (check=16)
speedup:             0.16x

sync:                16 syscalls
iouring:             1 syscall  (io_uring_enter submits 16 SQEs)

PASS: io_uring batch bench
===== [io_uring] io_uring_batch exit=0 =====
===== [io_uring] running io_uring_scale =====
=== Submission scaling: N ops → 1 io_uring_enter vs N× write() ===
N         iouring (cyc)     sync (cyc)      ratio
1                  3332            324      10.3x
2                 16481            854      19.3x
4                  2573            513       5.0x
8                  5755           1049       5.5x
16                 5207           1269       4.1x
PASS: io_uring scale bench
===== [io_uring] io_uring_scale exit=0 =====
